Unable to capture context for thread 35280 in process 14732, can not generate back trace
Unable to capture context for thread 22440 in process 14732, can not generate back trace
Exception at PC 0x00007FFE0B10BB93
Printing stacktrace...

Exception at PC 0x00007FFF13FA1ADA
Exception at PC 0x00007FFF13FA1ADA
[0]  [0x00007FFE0B10BB93]
[1]  [0x00007FFE0B10BB93]
[2]  [0x00007FFE0B10B4A1]
[3]  [0x00007FFE0B10B459]
[4]  [0x00007FFE0B0F19FE]
[5]  [0x00007FFE0B0F0ED1]
[6]  [0x00007FFE0B0F0D76]
[7]  [0x00007FFE0B0979F6]
[8]  [0x00007FFE0B087AFB]
[9]  [0x00007FFE0B1AE90A]
[10]  [0x00007FFE0B1C9F87]
[11]  [0x00007FFE0B1CA05F]
[12] (BaseThreadInitThunk+0x17) [0x00007FFF1477E957]
[13] (RtlUserThreadStart+0x2c) [0x00007FFF169EAD6C]
Done
Exception at PC 0x00007FFF13FA1ADA
Exception at PC 0x00007FFF13FA1ADA
Exception at PC 0x00007FFF13FA1ADA
Exception at PC 0x00007FFF13FA1ADA
Exception at PC 0x00007FFF13FA1ADA
Exception at PC 0x00007FFF13FA1ADA
Exception at PC 0x00007FFF13FA1ADA
Exception at PC 0x00007FFF13FA1ADA
Exception at PC 0x00007FFF13FA1ADA
Exception at PC 0x00007FFF13FA1ADA
Exception at PC 0x00007FFF13FA1ADA
Exception at PC 0x00007FFF13FA1ADA
Exception at PC 0x00007FFF13FA1ADA
Exception at PC 0x00007FFF13FA1ADA
Exception at PC 0x00007FFF13FA1ADA
